Component: ARM Compiler 5.06 update 6 (build 750) Tool: armlink [4d35ed]

==============================================================================

Small function inlining results

Inlined total of 0 calls.

==============================================================================

Image Symbol Table

    Local Symbols

    Symbol Name                              Value     Ov Type        Size  Object(Section)

    RESET                                    0x00000000   Section      500  startup_m480.o(RESET)
    ../clib/microlib/division.c              0x00000000   Number         0  uldiv.o ABSOLUTE
    ../clib/microlib/division.c              0x00000000   Number         0  uidiv.o ABSOLUTE
    ../clib/microlib/init/entry.s            0x00000000   Number         0  entry9a.o ABSOLUTE
    ../clib/microlib/init/entry.s            0x00000000   Number         0  entry7b.o ABSOLUTE
    ../clib/microlib/init/entry.s            0x00000000   Number         0  entry10a.o ABSOLUTE
    ../clib/microlib/init/entry.s            0x00000000   Number         0  entry8a.o ABSOLUTE
    ../clib/microlib/init/entry.s            0x00000000   Number         0  entry2.o ABSOLUTE
    ../clib/microlib/init/entry.s            0x00000000   Number         0  entry9b.o ABSOLUTE
    ../clib/microlib/init/entry.s            0x00000000   Number         0  entry10b.o ABSOLUTE
    ../clib/microlib/init/entry.s            0x00000000   Number         0  entry.o ABSOLUTE
    ../clib/microlib/init/entry.s            0x00000000   Number         0  entry11a.o ABSOLUTE
    ../clib/microlib/init/entry.s            0x00000000   Number         0  entry8b.o ABSOLUTE
    ../clib/microlib/init/entry.s            0x00000000   Number         0  entry11b.o ABSOLUTE
    ../clib/microlib/init/entry.s            0x00000000   Number         0  entry7a.o ABSOLUTE
    ../clib/microlib/init/entry.s            0x00000000   Number         0  entry5.o ABSOLUTE
    ../clib/microlib/longlong.c              0x00000000   Number         0  llshl.o ABSOLUTE
    ../clib/microlib/longlong.c              0x00000000   Number         0  llushr.o ABSOLUTE
    ../clib/microlib/longlong.c              0x00000000   Number         0  llsshr.o ABSOLUTE
    ../clib/microlib/printf/printf.c         0x00000000   Number         0  printf1.o ABSOLUTE
    ../clib/microlib/printf/printf.c         0x00000000   Number         0  printf6.o ABSOLUTE
    ../clib/microlib/printf/printf.c         0x00000000   Number         0  printf3.o ABSOLUTE
    ../clib/microlib/printf/printf.c         0x00000000   Number         0  printf0.o ABSOLUTE
    ../clib/microlib/printf/printf.c         0x00000000   Number         0  printfb.o ABSOLUTE
    ../clib/microlib/printf/printf.c         0x00000000   Number         0  printf7.o ABSOLUTE
    ../clib/microlib/printf/printf.c         0x00000000   Number         0  printf4.o ABSOLUTE
    ../clib/microlib/printf/printf.c         0x00000000   Number         0  printf5.o ABSOLUTE
    ../clib/microlib/printf/printf.c         0x00000000   Number         0  printfa.o ABSOLUTE
    ../clib/microlib/printf/printf.c         0x00000000   Number         0  printf2.o ABSOLUTE
    ../clib/microlib/printf/printf.c         0x00000000   Number         0  printf8.o ABSOLUTE
    ../clib/microlib/printf/stubs.s          0x00000000   Number         0  stubs.o ABSOLUTE
    ../clib/microlib/string/memcpy.c         0x00000000   Number         0  memcpyb.o ABSOLUTE
    ../clib/microlib/string/memcpy.c         0x00000000   Number         0  memcpya.o ABSOLUTE
    ../clib/microlib/string/strlen.c         0x00000000   Number         0  strlen.o ABSOLUTE
    ../clib/microlib/stubs.s                 0x00000000   Number         0  iusefp.o ABSOLUTE
    ../fplib/microlib/fpadd.c                0x00000000   Number         0  dadd.o ABSOLUTE
    ../fplib/microlib/fpdiv.c                0x00000000   Number         0  ddiv.o ABSOLUTE
    ../fplib/microlib/fpepilogue.c           0x00000000   Number         0  depilogue.o ABSOLUTE
    ../fplib/microlib/fpfix.c                0x00000000   Number         0  dfixul.o ABSOLUTE
    ../fplib/microlib/fpmul.c                0x00000000   Number         0  dmul.o ABSOLUTE
    ..\..\..\Library\Device\Nuvoton\M480\Source\ARM\startup_M480.s 0x00000000   Number         0  startup_m480.o ABSOLUTE
    ..\..\..\Library\Device\Nuvoton\M480\Source\system_M480.c 0x00000000   Number         0  system_m480.o ABSOLUTE
    ..\..\..\Library\StdDriver\src\clk.c     0x00000000   Number         0  clk.o ABSOLUTE
    ..\..\..\Library\StdDriver\src\gpio.c    0x00000000   Number         0  gpio.o ABSOLUTE
    ..\..\..\Library\StdDriver\src\pdma.c    0x00000000   Number         0  pdma.o ABSOLUTE
    ..\..\..\Library\StdDriver\src\qei.c     0x00000000   Number         0  qei.o ABSOLUTE
    ..\..\..\Library\StdDriver\src\retarget.c 0x00000000   Number         0  retarget.o ABSOLUTE
    ..\..\..\Library\StdDriver\src\sys.c     0x00000000   Number         0  sys.o ABSOLUTE
    ..\..\..\Library\StdDriver\src\timer.c   0x00000000   Number         0  timer.o ABSOLUTE
    ..\..\..\Library\StdDriver\src\uart.c    0x00000000   Number         0  uart.o ABSOLUTE
    ..\\..\\..\\Library\\Device\\Nuvoton\\M480\\Source\\system_M480.c 0x00000000   Number         0  system_m480.o ABSOLUTE
    ..\\..\\..\\Library\\StdDriver\\src\\clk.c 0x00000000   Number         0  clk.o ABSOLUTE
    ..\\..\\..\\Library\\StdDriver\\src\\gpio.c 0x00000000   Number         0  gpio.o ABSOLUTE
    ..\\..\\..\\Library\\StdDriver\\src\\pdma.c 0x00000000   Number         0  pdma.o ABSOLUTE
    ..\\..\\..\\Library\\StdDriver\\src\\qei.c 0x00000000   Number         0  qei.o ABSOLUTE
    ..\\..\\..\\Library\\StdDriver\\src\\retarget.c 0x00000000   Number         0  retarget.o ABSOLUTE
    ..\\..\\..\\Library\\StdDriver\\src\\sys.c 0x00000000   Number         0  sys.o ABSOLUTE
    ..\\..\\..\\Library\\StdDriver\\src\\timer.c 0x00000000   Number         0  timer.o ABSOLUTE
    ..\\..\\..\\Library\\StdDriver\\src\\uart.c 0x00000000   Number         0  uart.o ABSOLUTE
    ..\\main.c                               0x00000000   Number         0  main.o ABSOLUTE
    ..\main.c                                0x00000000   Number         0  main.o ABSOLUTE
    cdrcmple.s                               0x00000000   Number         0  cdrcmple.o ABSOLUTE
    handlers.s                               0x00000000   Number         0  handlers.o ABSOLUTE
    init.s                                   0x00000000   Number         0  init.o ABSOLUTE
    .ARM.Collect$$$$00000000                 0x000001f4   Section        0  entry.o(.ARM.Collect$$$$00000000)
    .ARM.Collect$$$$00000001                 0x000001f4   Section        4  entry2.o(.ARM.Collect$$$$00000001)
    .ARM.Collect$$$$00000004                 0x000001f8   Section        4  entry5.o(.ARM.Collect$$$$00000004)
    .ARM.Collect$$$$00000008                 0x000001fc   Section        0  entry7b.o(.ARM.Collect$$$$00000008)
    .ARM.Collect$$$$0000000A                 0x000001fc   Section        0  entry8b.o(.ARM.Collect$$$$0000000A)
    .ARM.Collect$$$$0000000B                 0x000001fc   Section        8  entry9a.o(.ARM.Collect$$$$0000000B)
    .ARM.Collect$$$$0000000D                 0x00000204   Section        0  entry10a.o(.ARM.Collect$$$$0000000D)
    .ARM.Collect$$$$0000000F                 0x00000204   Section        0  entry11a.o(.ARM.Collect$$$$0000000F)
    .ARM.Collect$$$$00002712                 0x00000204   Section        4  entry2.o(.ARM.Collect$$$$00002712)
    __lit__00000000                          0x00000204   Data           4  entry2.o(.ARM.Collect$$$$00002712)
    .emb_text                                0x00000208   Section       28  retarget.o(.emb_text)
    $v0                                      0x00000208   Number         0  retarget.o(.emb_text)
    .text                                    0x00000224   Section      104  startup_m480.o(.text)
    $v0                                      0x00000224   Number         0  startup_m480.o(.text)
    Default_Handler                          0x00000277   Thumb Code     2  startup_m480.o(.text)
    .text                                    0x0000028c   Section        0  memcpya.o(.text)
    .text                                    0x000002b0   Section        0  strlen.o(.text)
    .text                                    0x000002be   Section        0  uldiv.o(.text)
    .text                                    0x00000320   Section       36  init.o(.text)
    .text                                    0x00000344   Section        0  llshl.o(.text)
    .text                                    0x00000362   Section        0  llushr.o(.text)
    i.CLK_DisablePLL                         0x00000382   Section        0  clk.o(i.CLK_DisablePLL)
    i.CLK_EnableModuleClock                  0x00000394   Section        0  clk.o(i.CLK_EnableModuleClock)
    i.CLK_EnablePLL                          0x000003b0   Section        0  clk.o(i.CLK_EnablePLL)
    i.CLK_EnableXtalRC                       0x00000504   Section        0  clk.o(i.CLK_EnableXtalRC)
    i.CLK_GetCPUFreq                         0x00000514   Section        0  clk.o(i.CLK_GetCPUFreq)
    i.CLK_GetHXTFreq                         0x00000524   Section        0  clk.o(i.CLK_GetHXTFreq)
    i.CLK_GetLXTFreq                         0x00000538   Section        0  clk.o(i.CLK_GetLXTFreq)
    i.CLK_GetPCLK0Freq                       0x00000550   Section        0  clk.o(i.CLK_GetPCLK0Freq)
    i.CLK_GetPCLK1Freq                       0x000005b4   Section        0  clk.o(i.CLK_GetPCLK1Freq)
    i.CLK_GetPLLClockFreq                    0x0000061c   Section        0  clk.o(i.CLK_GetPLLClockFreq)
    i.CLK_SetCoreClock                       0x0000066c   Section        0  clk.o(i.CLK_SetCoreClock)
    i.CLK_SetHCLK                            0x000006f0   Section        0  clk.o(i.CLK_SetHCLK)
    i.CLK_SetModuleClock                     0x00000754   Section        0  clk.o(i.CLK_SetModuleClock)
    i.CLK_WaitClockReady                     0x000007e8   Section        0  clk.o(i.CLK_WaitClockReady)
    i.Custom_Init                            0x00000814   Section        0  main.o(i.Custom_Init)
    i.GPIO_SetMode                           0x0000084c   Section        0  gpio.o(i.GPIO_SetMode)
    i.Hard_Fault_Handler                     0x00000878   Section        0  retarget.o(i.Hard_Fault_Handler)
    __tagsym$$used                           0x00000879   Number         0  retarget.o(i.Hard_Fault_Handler)
    i.NVIC_EnableIRQ                         0x000008a0   Section        0  main.o(i.NVIC_EnableIRQ)
    NVIC_EnableIRQ                           0x000008a1   Thumb Code    22  main.o(i.NVIC_EnableIRQ)
    i.PDMA_Open                              0x000008b8   Section        0  pdma.o(i.PDMA_Open)
    i.PDMA_SetBurstType                      0x000008e8   Section        0  pdma.o(i.PDMA_SetBurstType)
    i.PDMA_SetTransferAddr                   0x000008fe   Section        0  pdma.o(i.PDMA_SetTransferAddr)
    i.PDMA_SetTransferCnt                    0x00000920   Section        0  pdma.o(i.PDMA_SetTransferCnt)
    i.PDMA_SetTransferMode                   0x00000944   Section        0  pdma.o(i.PDMA_SetTransferMode)
    i.QEI0_Init                              0x00000a84   Section        0  main.o(i.QEI0_Init)
    i.QEI0_Process                           0x00000aa4   Section        0  main.o(i.QEI0_Process)
    i.QEI_Open                               0x00000b38   Section        0  qei.o(i.QEI_Open)
    i.QEI_Start                              0x00000b4a   Section        0  qei.o(i.QEI_Start)
    i.SYS_Init                               0x00000b54   Section        0  main.o(i.SYS_Init)
    i.SYS_ResetModule                        0x00000c4c   Section        0  sys.o(i.SYS_ResetModule)
    i.SendChar                               0x00000c64   Section        0  retarget.o(i.SendChar)
    SendChar                                 0x00000c65   Thumb Code    26  retarget.o(i.SendChar)
    i.SystemCoreClockUpdate                  0x00000c84   Section        0  system_m480.o(i.SystemCoreClockUpdate)
    i.SystemInit                             0x00000ccc   Section        0  system_m480.o(i.SystemInit)
    i.TIMER1_Init                            0x00000d44   Section        0  main.o(i.TIMER1_Init)
    i.TIMER_GetModuleClock                   0x00000d74   Section        0  timer.o(i.TIMER_GetModuleClock)
    i.TIMER_Open                             0x00000dec   Section        0  timer.o(i.TIMER_Open)
    i.TMR1_IRQHandler                        0x00000e24   Section        0  main.o(i.TMR1_IRQHandler)
    i.UART0_IRQHandler                       0x00000e58   Section        0  main.o(i.UART0_IRQHandler)
    i.UART0_Init                             0x00000e8c   Section        0  main.o(i.UART0_Init)
    i.UART5_Init                             0x00000f94   Section        0  main.o(i.UART5_Init)
    i.UART_ClearIntFlag                      0x00000fa4   Section        0  uart.o(i.UART_ClearIntFlag)
    i.UART_Open                              0x00000fe0   Section        0  uart.o(i.UART_Open)
    i.UART_SetTimeoutCnt                     0x000010f8   Section        0  uart.o(i.UART_SetTimeoutCnt)
    i.UART_TX_PDMA                           0x0000110c   Section        0  main.o(i.UART_TX_PDMA)
    i.UARTx_Process                          0x000011ac   Section        0  main.o(i.UARTx_Process)
    i.__0printf$8                            0x00001210   Section        0  printf8.o(i.__0printf$8)
    i.__0sprintf$8                           0x00001230   Section        0  printf8.o(i.__0sprintf$8)
    i.__scatterload_copy                     0x00001258   Section       14  handlers.o(i.__scatterload_copy)
    i.__scatterload_null                     0x00001266   Section        2  handlers.o(i.__scatterload_null)
    i.__scatterload_zeroinit                 0x00001268   Section       14  handlers.o(i.__scatterload_zeroinit)
    i._printf_core                           0x00001278   Section        0  printf8.o(i._printf_core)
    _printf_core                             0x00001279   Thumb Code   996  printf8.o(i._printf_core)
    i._printf_post_padding                   0x00001688   Section        0  printf8.o(i._printf_post_padding)
    _printf_post_padding                     0x00001689   Thumb Code    36  printf8.o(i._printf_post_padding)
    i._printf_pre_padding                    0x000016ac   Section        0  printf8.o(i._printf_pre_padding)
    _printf_pre_padding                      0x000016ad   Thumb Code    46  printf8.o(i._printf_pre_padding)
    i._sputc                                 0x000016da   Section        0  printf8.o(i._sputc)
    _sputc                                   0x000016db   Thumb Code    10  printf8.o(i._sputc)
    i.fputc                                  0x000016e4   Section        0  retarget.o(i.fputc)
    i.main                                   0x000016f0   Section        0  main.o(i.main)
    i.stackDump                              0x00001710   Section        0  retarget.o(i.stackDump)
    stackDump                                0x00001711   Thumb Code    72  retarget.o(i.stackDump)
    .constdata                               0x000017b8   Section       48  uart.o(.constdata)
    .constdata                               0x000017e8   Section       32  timer.o(.constdata)
    .constdata                               0x00001808   Section       28  main.o(.constdata)
    __FUNCTION__                             0x00001808   Data          15  main.o(.constdata)
    __FUNCTION__                             0x00001817   Data          13  main.o(.constdata)
    .data                                    0x20000000   Section       44  system_m480.o(.data)
    .data                                    0x2000002c   Section        4  retarget.o(.data)
    .data                                    0x20000030   Section        8  main.o(.data)
    CNT_1000ms                               0x20000030   Data           2  main.o(.data)
    .bss                                     0x20000038   Section       16  pdma.o(.bss)
    u32ChSelect                              0x20000038   Data          16  pdma.o(.bss)
    STACK                                    0x20000048   Section     2048  startup_m480.o(STACK)

    Global Symbols

    Symbol Name                              Value     Ov Type        Size  Object(Section)

    BuildAttributes$$THM_ISAv4$E$P$D$K$B$S$7EM$VFPi3$EXTD16$VFPS$VFMA$PE$A:L22UL41UL21$X:L11$S22US41US21$IEEE1$IW$USESV6$~STKCKD$USESV7$~SHL$OSPACE$ROPI$EBA8$MICROLIB$REQ8$PRES8$EABIv2 0x00000000   Number         0  anon$$obj.o ABSOLUTE
    __ARM_use_no_argv                        0x00000000   Number         0  main.o ABSOLUTE
    __Vectors                                0x00000000   Data           4  startup_m480.o(RESET)
    _printf_a                                0x00000000   Number         0  stubs.o ABSOLUTE
    _printf_c                                0x00000000   Number         0  stubs.o ABSOLUTE
    _printf_charcount                        0x00000000   Number         0  stubs.o ABSOLUTE
    _printf_d                                0x00000000   Number         0  stubs.o ABSOLUTE
    _printf_e                                0x00000000   Number         0  stubs.o ABSOLUTE
    _printf_f                                0x00000000   Number         0  stubs.o ABSOLUTE
    _printf_flags                            0x00000000   Number         0  stubs.o ABSOLUTE
    _printf_fp_dec                           0x00000000   Number         0  stubs.o ABSOLUTE
    _printf_fp_hex                           0x00000000   Number         0  stubs.o ABSOLUTE
    _printf_g                                0x00000000   Number         0  stubs.o ABSOLUTE
    _printf_i                                0x00000000   Number         0  stubs.o ABSOLUTE
    _printf_int_dec                          0x00000000   Number         0  stubs.o ABSOLUTE
    _printf_l                                0x00000000   Number         0  stubs.o ABSOLUTE
    _printf_lc                               0x00000000   Number         0  stubs.o ABSOLUTE
    _printf_ll                               0x00000000   Number         0  stubs.o ABSOLUTE
    _printf_lld                              0x00000000   Number         0  stubs.o ABSOLUTE
    _printf_lli                              0x00000000   Number         0  stubs.o ABSOLUTE
    _printf_llo                              0x00000000   Number         0  stubs.o ABSOLUTE
    _printf_llu                              0x00000000   Number         0  stubs.o ABSOLUTE
    _printf_llx                              0x00000000   Number         0  stubs.o ABSOLUTE
    _printf_longlong_dec                     0x00000000   Number         0  stubs.o ABSOLUTE
    _printf_longlong_hex                     0x00000000   Number         0  stubs.o ABSOLUTE
    _printf_longlong_oct                     0x00000000   Number         0  stubs.o ABSOLUTE
    _printf_ls                               0x00000000   Number         0  stubs.o ABSOLUTE
    _printf_mbtowc                           0x00000000   Number         0  stubs.o ABSOLUTE
    _printf_n                                0x00000000   Number         0  stubs.o ABSOLUTE
    _printf_o                                0x00000000   Number         0  stubs.o ABSOLUTE
    _printf_p                                0x00000000   Number         0  stubs.o ABSOLUTE
    _printf_percent                          0x00000000   Number         0  stubs.o ABSOLUTE
    _printf_pre_padding                      0x00000000   Number         0  stubs.o ABSOLUTE
    _printf_return_value                     0x00000000   Number         0  stubs.o ABSOLUTE
    _printf_s                                0x00000000   Number         0  stubs.o ABSOLUTE
    _printf_sizespec                         0x00000000   Number         0  stubs.o ABSOLUTE
    _printf_str                              0x00000000   Number         0  stubs.o ABSOLUTE
    _printf_truncate_signed                  0x00000000   Number         0  stubs.o ABSOLUTE
    _printf_truncate_unsigned                0x00000000   Number         0  stubs.o ABSOLUTE
    _printf_u                                0x00000000   Number         0  stubs.o ABSOLUTE
    _printf_wc                               0x00000000   Number         0  stubs.o ABSOLUTE
    _printf_wctomb                           0x00000000   Number         0  stubs.o ABSOLUTE
    _printf_widthprec                        0x00000000   Number         0  stubs.o ABSOLUTE
    _printf_x                                0x00000000   Number         0  stubs.o ABSOLUTE
    __cpp_initialize__aeabi_                  - Undefined Weak Reference
    __cxa_finalize                            - Undefined Weak Reference
    __decompress                              - Undefined Weak Reference
    _clock_init                               - Undefined Weak Reference
    _microlib_exit                            - Undefined Weak Reference
    __Vectors_End                            0x000001f4   Data           0  startup_m480.o(RESET)
    __Vectors_Size                           0x000001f4   Number         0  startup_m480.o ABSOLUTE
    __main                                   0x000001f5   Thumb Code     0  entry.o(.ARM.Collect$$$$00000000)
    _main_stk                                0x000001f5   Thumb Code     0  entry2.o(.ARM.Collect$$$$00000001)
    _main_scatterload                        0x000001f9   Thumb Code     0  entry5.o(.ARM.Collect$$$$00000004)
    __main_after_scatterload                 0x000001fd   Thumb Code     0  entry5.o(.ARM.Collect$$$$00000004)
    _main_clock                              0x000001fd   Thumb Code     0  entry7b.o(.ARM.Collect$$$$00000008)
    _main_cpp_init                           0x000001fd   Thumb Code     0  entry8b.o(.ARM.Collect$$$$0000000A)
    _main_init                               0x000001fd   Thumb Code     0  entry9a.o(.ARM.Collect$$$$0000000B)
    __rt_final_cpp                           0x00000205   Thumb Code     0  entry10a.o(.ARM.Collect$$$$0000000D)
    __rt_final_exit                          0x00000205   Thumb Code     0  entry11a.o(.ARM.Collect$$$$0000000F)
    HardFault_Handler                        0x00000209   Thumb Code    24  retarget.o(.emb_text)
    Reset_Handler                            0x00000225   Thumb Code    64  startup_m480.o(.text)
    NMI_Handler                              0x00000265   Thumb Code     2  startup_m480.o(.text)
    MemManage_Handler                        0x00000269   Thumb Code     2  startup_m480.o(.text)
    BusFault_Handler                         0x0000026b   Thumb Code     2  startup_m480.o(.text)
    UsageFault_Handler                       0x0000026d   Thumb Code     2  startup_m480.o(.text)
    SVC_Handler                              0x0000026f   Thumb Code     2  startup_m480.o(.text)
    DebugMon_Handler                         0x00000271   Thumb Code     2  startup_m480.o(.text)
    PendSV_Handler                           0x00000273   Thumb Code     2  startup_m480.o(.text)
    SysTick_Handler                          0x00000275   Thumb Code     2  startup_m480.o(.text)
    ACMP01_IRQHandler                        0x00000277   Thumb Code     0  startup_m480.o(.text)
    BOD_IRQHandler                           0x00000277   Thumb Code     0  startup_m480.o(.text)
    BPWM0_IRQHandler                         0x00000277   Thumb Code     0  startup_m480.o(.text)
    BPWM1_IRQHandler                         0x00000277   Thumb Code     0  startup_m480.o(.text)
    BRAKE0_IRQHandler                        0x00000277   Thumb Code     0  startup_m480.o(.text)
    BRAKE1_IRQHandler                        0x00000277   Thumb Code     0  startup_m480.o(.text)
    CAN0_IRQHandler                          0x00000277   Thumb Code     0  startup_m480.o(.text)
    CAN1_IRQHandler                          0x00000277   Thumb Code     0  startup_m480.o(.text)
    CAN2_IRQHandler                          0x00000277   Thumb Code     0  startup_m480.o(.text)
    CCAP_IRQHandler                          0x00000277   Thumb Code     0  startup_m480.o(.text)
    CKFAIL_IRQHandler                        0x00000277   Thumb Code     0  startup_m480.o(.text)
    CRYPTO_IRQHandler                        0x00000277   Thumb Code     0  startup_m480.o(.text)
    DAC_IRQHandler                           0x00000277   Thumb Code     0  startup_m480.o(.text)
    EADC00_IRQHandler                        0x00000277   Thumb Code     0  startup_m480.o(.text)
    EADC01_IRQHandler                        0x00000277   Thumb Code     0  startup_m480.o(.text)
    EADC02_IRQHandler                        0x00000277   Thumb Code     0  startup_m480.o(.text)
    EADC03_IRQHandler                        0x00000277   Thumb Code     0  startup_m480.o(.text)
    EADC10_IRQHandler                        0x00000277   Thumb Code     0  startup_m480.o(.text)
    EADC11_IRQHandler                        0x00000277   Thumb Code     0  startup_m480.o(.text)
    EADC12_IRQHandler                        0x00000277   Thumb Code     0  startup_m480.o(.text)
    EADC13_IRQHandler                        0x00000277   Thumb Code     0  startup_m480.o(.text)
    ECAP0_IRQHandler                         0x00000277   Thumb Code     0  startup_m480.o(.text)
    ECAP1_IRQHandler                         0x00000277   Thumb Code     0  startup_m480.o(.text)
    EHCI_IRQHandler                          0x00000277   Thumb Code     0  startup_m480.o(.text)
    EINT0_IRQHandler                         0x00000277   Thumb Code     0  startup_m480.o(.text)
    EINT1_IRQHandler                         0x00000277   Thumb Code     0  startup_m480.o(.text)
    EINT2_IRQHandler                         0x00000277   Thumb Code     0  startup_m480.o(.text)
    EINT3_IRQHandler                         0x00000277   Thumb Code     0  startup_m480.o(.text)
    EINT4_IRQHandler                         0x00000277   Thumb Code     0  startup_m480.o(.text)
    EINT5_IRQHandler                         0x00000277   Thumb Code     0  startup_m480.o(.text)
    EINT6_IRQHandler                         0x00000277   Thumb Code     0  startup_m480.o(.text)
    EINT7_IRQHandler                         0x00000277   Thumb Code     0  startup_m480.o(.text)
    EMAC_RX_IRQHandler                       0x00000277   Thumb Code     0  startup_m480.o(.text)
    EMAC_TX_IRQHandler                       0x00000277   Thumb Code     0  startup_m480.o(.text)
    EPWM0P0_IRQHandler                       0x00000277   Thumb Code     0  startup_m480.o(.text)
    EPWM0P1_IRQHandler                       0x00000277   Thumb Code     0  startup_m480.o(.text)
    EPWM0P2_IRQHandler                       0x00000277   Thumb Code     0  startup_m480.o(.text)
    EPWM1P0_IRQHandler                       0x00000277   Thumb Code     0  startup_m480.o(.text)
    EPWM1P1_IRQHandler                       0x00000277   Thumb Code     0  startup_m480.o(.text)
    EPWM1P2_IRQHandler                       0x00000277   Thumb Code     0  startup_m480.o(.text)
    GPA_IRQHandler                           0x00000277   Thumb Code     0  startup_m480.o(.text)
    GPB_IRQHandler                           0x00000277   Thumb Code     0  startup_m480.o(.text)
    GPC_IRQHandler                           0x00000277   Thumb Code     0  startup_m480.o(.text)
    GPD_IRQHandler                           0x00000277   Thumb Code     0  startup_m480.o(.text)
    GPE_IRQHandler                           0x00000277   Thumb Code     0  startup_m480.o(.text)
    GPF_IRQHandler                           0x00000277   Thumb Code     0  startup_m480.o(.text)
    GPG_IRQHandler                           0x00000277   Thumb Code     0  startup_m480.o(.text)
    GPH_IRQHandler                           0x00000277   Thumb Code     0  startup_m480.o(.text)
    I2C0_IRQHandler                          0x00000277   Thumb Code     0  startup_m480.o(.text)
    I2C1_IRQHandler                          0x00000277   Thumb Code     0  startup_m480.o(.text)
    I2C2_IRQHandler                          0x00000277   Thumb Code     0  startup_m480.o(.text)
    I2S0_IRQHandler                          0x00000277   Thumb Code     0  startup_m480.o(.text)
    IRC_IRQHandler                           0x00000277   Thumb Code     0  startup_m480.o(.text)
    OHCI_IRQHandler                          0x00000277   Thumb Code     0  startup_m480.o(.text)
    OPA0_IRQHandler                          0x00000277   Thumb Code     0  startup_m480.o(.text)
    PDMA_IRQHandler                          0x00000277   Thumb Code     0  startup_m480.o(.text)
    PWRWU_IRQHandler                         0x00000277   Thumb Code     0  startup_m480.o(.text)
    QEI0_IRQHandler                          0x00000277   Thumb Code     0  startup_m480.o(.text)
    QEI1_IRQHandler                          0x00000277   Thumb Code     0  startup_m480.o(.text)
    QSPI0_IRQHandler                         0x00000277   Thumb Code     0  startup_m480.o(.text)
    QSPI1_IRQHandler                         0x00000277   Thumb Code     0  startup_m480.o(.text)
    RAMPE_IRQHandler                         0x00000277   Thumb Code     0  startup_m480.o(.text)
    RTC_IRQHandler                           0x00000277   Thumb Code     0  startup_m480.o(.text)
    SC0_IRQHandler                           0x00000277   Thumb Code     0  startup_m480.o(.text)
    SC1_IRQHandler                           0x00000277   Thumb Code     0  startup_m480.o(.text)
    SC2_IRQHandler                           0x00000277   Thumb Code     0  startup_m480.o(.text)
    SDH0_IRQHandler                          0x00000277   Thumb Code     0  startup_m480.o(.text)
    SDH1_IRQHandler                          0x00000277   Thumb Code     0  startup_m480.o(.text)
    SPI0_IRQHandler                          0x00000277   Thumb Code     0  startup_m480.o(.text)
    SPI1_IRQHandler                          0x00000277   Thumb Code     0  startup_m480.o(.text)
    SPI2_IRQHandler                          0x00000277   Thumb Code     0  startup_m480.o(.text)
    SPI3_IRQHandler                          0x00000277   Thumb Code     0  startup_m480.o(.text)
    SPIM_IRQHandler                          0x00000277   Thumb Code     0  startup_m480.o(.text)
    TAMPER_IRQHandler                        0x00000277   Thumb Code     0  startup_m480.o(.text)
    TMR0_IRQHandler                          0x00000277   Thumb Code     0  startup_m480.o(.text)
    TMR2_IRQHandler                          0x00000277   Thumb Code     0  startup_m480.o(.text)
    TMR3_IRQHandler                          0x00000277   Thumb Code     0  startup_m480.o(.text)
    TRNG_IRQHandler                          0x00000277   Thumb Code     0  startup_m480.o(.text)
    UART1_IRQHandler                         0x00000277   Thumb Code     0  startup_m480.o(.text)
    UART2_IRQHandler                         0x00000277   Thumb Code     0  startup_m480.o(.text)
    UART3_IRQHandler                         0x00000277   Thumb Code     0  startup_m480.o(.text)
    UART4_IRQHandler                         0x00000277   Thumb Code     0  startup_m480.o(.text)
    UART5_IRQHandler                         0x00000277   Thumb Code     0  startup_m480.o(.text)
    UART6_IRQHandler                         0x00000277   Thumb Code     0  startup_m480.o(.text)
    UART7_IRQHandler                         0x00000277   Thumb Code     0  startup_m480.o(.text)
    USBD20_IRQHandler                        0x00000277   Thumb Code     0  startup_m480.o(.text)
    USBD_IRQHandler                          0x00000277   Thumb Code     0  startup_m480.o(.text)
    USBOTG20_IRQHandler                      0x00000277   Thumb Code     0  startup_m480.o(.text)
    USBOTG_IRQHandler                        0x00000277   Thumb Code     0  startup_m480.o(.text)
    USCI0_IRQHandler                         0x00000277   Thumb Code     0  startup_m480.o(.text)
    USCI1_IRQHandler                         0x00000277   Thumb Code     0  startup_m480.o(.text)
    WDT_IRQHandler                           0x00000277   Thumb Code     0  startup_m480.o(.text)
    WWDT_IRQHandler                          0x00000277   Thumb Code     0  startup_m480.o(.text)
    __aeabi_memcpy                           0x0000028d   Thumb Code    36  memcpya.o(.text)
    __aeabi_memcpy4                          0x0000028d   Thumb Code     0  memcpya.o(.text)
    __aeabi_memcpy8                          0x0000028d   Thumb Code     0  memcpya.o(.text)
    strlen                                   0x000002b1   Thumb Code    14  strlen.o(.text)
    __aeabi_uldivmod                         0x000002bf   Thumb Code    98  uldiv.o(.text)
    __scatterload                            0x00000321   Thumb Code    28  init.o(.text)
    __scatterload_rt2                        0x00000321   Thumb Code     0  init.o(.text)
    __aeabi_llsl                             0x00000345   Thumb Code    30  llshl.o(.text)
    _ll_shift_l                              0x00000345   Thumb Code     0  llshl.o(.text)
    __aeabi_llsr                             0x00000363   Thumb Code    32  llushr.o(.text)
    _ll_ushift_r                             0x00000363   Thumb Code     0  llushr.o(.text)
    CLK_DisablePLL                           0x00000383   Thumb Code    18  clk.o(i.CLK_DisablePLL)
    CLK_EnableModuleClock                    0x00000395   Thumb Code    24  clk.o(i.CLK_EnableModuleClock)
    CLK_EnablePLL                            0x000003b1   Thumb Code   308  clk.o(i.CLK_EnablePLL)
    CLK_EnableXtalRC                         0x00000505   Thumb Code    16  clk.o(i.CLK_EnableXtalRC)
    CLK_GetCPUFreq                           0x00000515   Thumb Code    12  clk.o(i.CLK_GetCPUFreq)
    CLK_GetHXTFreq                           0x00000525   Thumb Code    16  clk.o(i.CLK_GetHXTFreq)
    CLK_GetLXTFreq                           0x00000539   Thumb Code    22  clk.o(i.CLK_GetLXTFreq)
    CLK_GetPCLK0Freq                         0x00000551   Thumb Code    96  clk.o(i.CLK_GetPCLK0Freq)
    CLK_GetPCLK1Freq                         0x000005b5   Thumb Code    98  clk.o(i.CLK_GetPCLK1Freq)
    CLK_GetPLLClockFreq                      0x0000061d   Thumb Code    66  clk.o(i.CLK_GetPLLClockFreq)
    CLK_SetCoreClock                         0x0000066d   Thumb Code   128  clk.o(i.CLK_SetCoreClock)
    CLK_SetHCLK                              0x000006f1   Thumb Code    98  clk.o(i.CLK_SetHCLK)
    CLK_SetModuleClock                       0x00000755   Thumb Code   140  clk.o(i.CLK_SetModuleClock)
    CLK_WaitClockReady                       0x000007e9   Thumb Code    38  clk.o(i.CLK_WaitClockReady)
    Custom_Init                              0x00000815   Thumb Code    50  main.o(i.Custom_Init)
    GPIO_SetMode                             0x0000084d   Thumb Code    44  gpio.o(i.GPIO_SetMode)
    Hard_Fault_Handler                       0x00000879   Thumb Code    16  retarget.o(i.Hard_Fault_Handler)
    PDMA_Open                                0x000008b9   Thumb Code    44  pdma.o(i.PDMA_Open)
    PDMA_SetBurstType                        0x000008e9   Thumb Code    22  pdma.o(i.PDMA_SetBurstType)
    PDMA_SetTransferAddr                     0x000008ff   Thumb Code    32  pdma.o(i.PDMA_SetTransferAddr)
    PDMA_SetTransferCnt                      0x00000921   Thumb Code    32  pdma.o(i.PDMA_SetTransferCnt)
    PDMA_SetTransferMode                     0x00000945   Thumb Code   310  pdma.o(i.PDMA_SetTransferMode)
    QEI0_Init                                0x00000a85   Thumb Code    26  main.o(i.QEI0_Init)
    QEI0_Process                             0x00000aa5   Thumb Code    88  main.o(i.QEI0_Process)
    QEI_Open                                 0x00000b39   Thumb Code    18  qei.o(i.QEI_Open)
    QEI_Start                                0x00000b4b   Thumb Code    10  qei.o(i.QEI_Start)
    SYS_Init                                 0x00000b55   Thumb Code   222  main.o(i.SYS_Init)
    SYS_ResetModule                          0x00000c4d   Thumb Code    20  sys.o(i.SYS_ResetModule)
    SystemCoreClockUpdate                    0x00000c85   Thumb Code    64  system_m480.o(i.SystemCoreClockUpdate)
    SystemInit                               0x00000ccd   Thumb Code   108  system_m480.o(i.SystemInit)
    TIMER1_Init                              0x00000d45   Thumb Code    42  main.o(i.TIMER1_Init)
    TIMER_GetModuleClock                     0x00000d75   Thumb Code   102  timer.o(i.TIMER_GetModuleClock)
    TIMER_Open                               0x00000ded   Thumb Code    54  timer.o(i.TIMER_Open)
    TMR1_IRQHandler                          0x00000e25   Thumb Code    44  main.o(i.TMR1_IRQHandler)
    UART0_IRQHandler                         0x00000e59   Thumb Code    48  main.o(i.UART0_IRQHandler)
    UART0_Init                               0x00000e8d   Thumb Code   124  main.o(i.UART0_Init)
    UART5_Init                               0x00000f95   Thumb Code    10  main.o(i.UART5_Init)
    UART_ClearIntFlag                        0x00000fa5   Thumb Code    56  uart.o(i.UART_ClearIntFlag)
    UART_Open                                0x00000fe1   Thumb Code   246  uart.o(i.UART_Open)
    UART_SetTimeoutCnt                       0x000010f9   Thumb Code    20  uart.o(i.UART_SetTimeoutCnt)
    UART_TX_PDMA                             0x0000110d   Thumb Code   148  main.o(i.UART_TX_PDMA)
    UARTx_Process                            0x000011ad   Thumb Code    68  main.o(i.UARTx_Process)
    __0printf$8                              0x00001211   Thumb Code    22  printf8.o(i.__0printf$8)
    __1printf$8                              0x00001211   Thumb Code     0  printf8.o(i.__0printf$8)
    __2printf                                0x00001211   Thumb Code     0  printf8.o(i.__0printf$8)
    __0sprintf$8                             0x00001231   Thumb Code    34  printf8.o(i.__0sprintf$8)
    __1sprintf$8                             0x00001231   Thumb Code     0  printf8.o(i.__0sprintf$8)
    __2sprintf                               0x00001231   Thumb Code     0  printf8.o(i.__0sprintf$8)
    __scatterload_copy                       0x00001259   Thumb Code    14  handlers.o(i.__scatterload_copy)
    __scatterload_null                       0x00001267   Thumb Code     2  handlers.o(i.__scatterload_null)
    __scatterload_zeroinit                   0x00001269   Thumb Code    14  handlers.o(i.__scatterload_zeroinit)
    fputc                                    0x000016e5   Thumb Code    12  retarget.o(i.fputc)
    main                                     0x000016f1   Thumb Code    30  main.o(i.main)
    Region$$Table$$Base                      0x00001824   Number         0  anon$$obj.o(Region$$Table)
    Region$$Table$$Limit                     0x00001844   Number         0  anon$$obj.o(Region$$Table)
    SystemCoreClock                          0x20000000   Data           4  system_m480.o(.data)
    CyclesPerUs                              0x20000004   Data           4  system_m480.o(.data)
    PllClock                                 0x20000008   Data           4  system_m480.o(.data)
    gau32ClkSrcTbl                           0x2000000c   Data          32  system_m480.o(.data)
    __stdout                                 0x2000002c   Data           4  retarget.o(.data)
    BitFlag                                  0x20000034   Data           4  main.o(.data)
    __initial_sp                             0x20000848   Data           0  startup_m480.o(STACK)



==============================================================================

Memory Map of the image

  Image Entry point : 0x00000225

  Load Region LR_1 (Base: 0x00000000, Size: 0x0000187c, Max: 0xffffffff, ABSOLUTE)

    Execution Region ER_RO (Exec base: 0x00000000, Load base: 0x00000000, Size: 0x00001844, Max: 0xffffffff, ABSOLUTE)

    Exec Addr    Load Addr    Size         Type   Attr      Idx    E Section Name        Object

    0x00000000   0x00000000   0x000001f4   Data   RO          320    RESET               startup_m480.o
    0x000001f4   0x000001f4   0x00000000   Code   RO         1441  * .ARM.Collect$$$$00000000  mc_w.l(entry.o)
    0x000001f4   0x000001f4   0x00000004   Code   RO         1709    .ARM.Collect$$$$00000001  mc_w.l(entry2.o)
    0x000001f8   0x000001f8   0x00000004   Code   RO         1712    .ARM.Collect$$$$00000004  mc_w.l(entry5.o)
    0x000001fc   0x000001fc   0x00000000   Code   RO         1714    .ARM.Collect$$$$00000008  mc_w.l(entry7b.o)
    0x000001fc   0x000001fc   0x00000000   Code   RO         1716    .ARM.Collect$$$$0000000A  mc_w.l(entry8b.o)
    0x000001fc   0x000001fc   0x00000008   Code   RO         1717    .ARM.Collect$$$$0000000B  mc_w.l(entry9a.o)
    0x00000204   0x00000204   0x00000000   Code   RO         1719    .ARM.Collect$$$$0000000D  mc_w.l(entry10a.o)
    0x00000204   0x00000204   0x00000000   Code   RO         1721    .ARM.Collect$$$$0000000F  mc_w.l(entry11a.o)
    0x00000204   0x00000204   0x00000004   Code   RO         1710    .ARM.Collect$$$$00002712  mc_w.l(entry2.o)
    0x00000208   0x00000208   0x0000001c   Code   RO          328    .emb_text           retarget.o
    0x00000224   0x00000224   0x00000068   Code   RO          321  * .text               startup_m480.o
    0x0000028c   0x0000028c   0x00000024   Code   RO         1442    .text               mc_w.l(memcpya.o)
    0x000002b0   0x000002b0   0x0000000e   Code   RO         1444    .text               mc_w.l(strlen.o)
    0x000002be   0x000002be   0x00000062   Code   RO         1725    .text               mc_w.l(uldiv.o)
    0x00000320   0x00000320   0x00000024   Code   RO         1738    .text               mc_w.l(init.o)
    0x00000344   0x00000344   0x0000001e   Code   RO         1740    .text               mc_w.l(llshl.o)
    0x00000362   0x00000362   0x00000020   Code   RO         1742    .text               mc_w.l(llushr.o)
    0x00000382   0x00000382   0x00000012   Code   RO          616    i.CLK_DisablePLL    clk.o
    0x00000394   0x00000394   0x0000001c   Code   RO          621    i.CLK_EnableModuleClock  clk.o
    0x000003b0   0x000003b0   0x00000154   Code   RO          622    i.CLK_EnablePLL     clk.o
    0x00000504   0x00000504   0x00000010   Code   RO          625    i.CLK_EnableXtalRC  clk.o
    0x00000514   0x00000514   0x00000010   Code   RO          626    i.CLK_GetCPUFreq    clk.o
    0x00000524   0x00000524   0x00000014   Code   RO          628    i.CLK_GetHXTFreq    clk.o
    0x00000538   0x00000538   0x00000016   Code   RO          629    i.CLK_GetLXTFreq    clk.o
    0x0000054e   0x0000054e   0x00000002   PAD
    0x00000550   0x00000550   0x00000064   Code   RO          632    i.CLK_GetPCLK0Freq  clk.o
    0x000005b4   0x000005b4   0x00000068   Code   RO          633    i.CLK_GetPCLK1Freq  clk.o
    0x0000061c   0x0000061c   0x00000050   Code   RO          634    i.CLK_GetPLLClockFreq  clk.o
    0x0000066c   0x0000066c   0x00000084   Code   RO          638    i.CLK_SetCoreClock  clk.o
    0x000006f0   0x000006f0   0x00000062   Code   RO          639    i.CLK_SetHCLK       clk.o
    0x00000752   0x00000752   0x00000002   PAD
    0x00000754   0x00000754   0x00000094   Code   RO          640    i.CLK_SetModuleClock  clk.o
    0x000007e8   0x000007e8   0x0000002c   Code   RO          643    i.CLK_WaitClockReady  clk.o
    0x00000814   0x00000814   0x00000038   Code   RO         1121    i.Custom_Init       main.o
    0x0000084c   0x0000084c   0x0000002c   Code   RO          812    i.GPIO_SetMode      gpio.o
    0x00000878   0x00000878   0x00000028   Code   RO          329    i.Hard_Fault_Handler  retarget.o
    0x000008a0   0x000008a0   0x00000016   Code   RO         1122    i.NVIC_EnableIRQ    main.o
    0x000008b6   0x000008b6   0x00000002   PAD
    0x000008b8   0x000008b8   0x00000030   Code   RO          863    i.PDMA_Open         pdma.o
    0x000008e8   0x000008e8   0x00000016   Code   RO          864    i.PDMA_SetBurstType  pdma.o
    0x000008fe   0x000008fe   0x00000020   Code   RO          868    i.PDMA_SetTransferAddr  pdma.o
    0x0000091e   0x0000091e   0x00000002   PAD
    0x00000920   0x00000920   0x00000024   Code   RO          869    i.PDMA_SetTransferCnt  pdma.o
    0x00000944   0x00000944   0x00000140   Code   RO          870    i.PDMA_SetTransferMode  pdma.o
    0x00000a84   0x00000a84   0x00000020   Code   RO         1123    i.QEI0_Init         main.o
    0x00000aa4   0x00000aa4   0x00000094   Code   RO         1124    i.QEI0_Process      main.o
    0x00000b38   0x00000b38   0x00000012   Code   RO         1058    i.QEI_Open          qei.o
    0x00000b4a   0x00000b4a   0x0000000a   Code   RO         1059    i.QEI_Start         qei.o
    0x00000b54   0x00000b54   0x000000f8   Code   RO         1125    i.SYS_Init          main.o
    0x00000c4c   0x00000c4c   0x00000018   Code   RO          533    i.SYS_ResetModule   sys.o
    0x00000c64   0x00000c64   0x00000020   Code   RO          331    i.SendChar          retarget.o
    0x00000c84   0x00000c84   0x00000048   Code   RO            4    i.SystemCoreClockUpdate  system_m480.o
    0x00000ccc   0x00000ccc   0x00000078   Code   RO            5    i.SystemInit        system_m480.o
    0x00000d44   0x00000d44   0x00000030   Code   RO         1126    i.TIMER1_Init       main.o
    0x00000d74   0x00000d74   0x00000078   Code   RO          970    i.TIMER_GetModuleClock  timer.o
    0x00000dec   0x00000dec   0x00000036   Code   RO          971    i.TIMER_Open        timer.o
    0x00000e22   0x00000e22   0x00000002   PAD
    0x00000e24   0x00000e24   0x00000034   Code   RO         1127    i.TMR1_IRQHandler   main.o
    0x00000e58   0x00000e58   0x00000034   Code   RO         1128    i.UART0_IRQHandler  main.o
    0x00000e8c   0x00000e8c   0x00000108   Code   RO         1129    i.UART0_Init        main.o
    0x00000f94   0x00000f94   0x00000010   Code   RO         1130    i.UART5_Init        main.o
    0x00000fa4   0x00000fa4   0x0000003c   Code   RO          421    i.UART_ClearIntFlag  uart.o
    0x00000fe0   0x00000fe0   0x00000118   Code   RO          427    i.UART_Open         uart.o
    0x000010f8   0x000010f8   0x00000014   Code   RO          433    i.UART_SetTimeoutCnt  uart.o
    0x0000110c   0x0000110c   0x000000a0   Code   RO         1131    i.UART_TX_PDMA      main.o
    0x000011ac   0x000011ac   0x00000064   Code   RO         1132    i.UARTx_Process     main.o
    0x00001210   0x00001210   0x00000020   Code   RO         1655    i.__0printf$8       mc_w.l(printf8.o)
    0x00001230   0x00001230   0x00000028   Code   RO         1657    i.__0sprintf$8      mc_w.l(printf8.o)
    0x00001258   0x00001258   0x0000000e   Code   RO         1750    i.__scatterload_copy  mc_w.l(handlers.o)
    0x00001266   0x00001266   0x00000002   Code   RO         1751    i.__scatterload_null  mc_w.l(handlers.o)
    0x00001268   0x00001268   0x0000000e   Code   RO         1752    i.__scatterload_zeroinit  mc_w.l(handlers.o)
    0x00001276   0x00001276   0x00000002   PAD
    0x00001278   0x00001278   0x00000410   Code   RO         1662    i._printf_core      mc_w.l(printf8.o)
    0x00001688   0x00001688   0x00000024   Code   RO         1663    i._printf_post_padding  mc_w.l(printf8.o)
    0x000016ac   0x000016ac   0x0000002e   Code   RO         1664    i._printf_pre_padding  mc_w.l(printf8.o)
    0x000016da   0x000016da   0x0000000a   Code   RO         1666    i._sputc            mc_w.l(printf8.o)
    0x000016e4   0x000016e4   0x0000000c   Code   RO          335    i.fputc             retarget.o
    0x000016f0   0x000016f0   0x0000001e   Code   RO         1137    i.main              main.o
    0x0000170e   0x0000170e   0x00000002   PAD
    0x00001710   0x00001710   0x000000a8   Code   RO          337    i.stackDump         retarget.o
    0x000017b8   0x000017b8   0x00000030   Data   RO          435    .constdata          uart.o
    0x000017e8   0x000017e8   0x00000020   Data   RO          974    .constdata          timer.o
    0x00001808   0x00001808   0x0000001c   Data   RO         1139    .constdata          main.o
    0x00001824   0x00001824   0x00000020   Data   RO         1748    Region$$Table       anon$$obj.o


    Execution Region ER_RW (Exec base: 0x20000000, Load base: 0x00001844, Size: 0x00000038, Max: 0xffffffff, ABSOLUTE)

    Exec Addr    Load Addr    Size         Type   Attr      Idx    E Section Name        Object

    0x20000000   0x00001844   0x0000002c   Data   RW            6    .data               system_m480.o
    0x2000002c   0x00001870   0x00000004   Data   RW          338    .data               retarget.o
    0x20000030   0x00001874   0x00000008   Data   RW         1140    .data               main.o


    Execution Region ER_ZI (Exec base: 0x20000038, Load base: 0x0000187c, Size: 0x00000810, Max: 0xffffffff, ABSOLUTE)

    Exec Addr    Load Addr    Size         Type   Attr      Idx    E Section Name        Object

    0x20000038        -       0x00000010   Zero   RW          872    .bss                pdma.o
    0x20000048        -       0x00000800   Zero   RW          318    STACK               startup_m480.o


==============================================================================

Image component sizes


      Code (inc. data)   RO Data    RW Data    ZI Data      Debug   Object Name

      1166         86          0          0          0      10957   clk.o
        44          0          0          0          0       1059   gpio.o
      1228        306         28          8          0     146013   main.o
       458         34          0          0         16       4376   pdma.o
        28          0          0          0          0       1499   qei.o
       280        130          0          4          0       4927   retarget.o
       104         20        500          0       2048        936   startup_m480.o
        24          4          0          0          0        610   sys.o
       192         20          0         44          0      63239   system_m480.o
       174         18         32          0          0       2124   timer.o
       360         38         48          0          0       2677   uart.o

    ----------------------------------------------------------------------
      4070        656        640         56       2064     238417   Object Totals
         0          0         32          0          0          0   (incl. Generated)
        12          0          0          0          0          0   (incl. Padding)

    ----------------------------------------------------------------------

      Code (inc. data)   RO Data    RW Data    ZI Data      Debug   Library Member Name

         0          0          0          0          0          0   entry.o
         0          0          0          0          0          0   entry10a.o
         0          0          0          0          0          0   entry11a.o
         8          4          0          0          0          0   entry2.o
         4          0          0          0          0          0   entry5.o
         0          0          0          0          0          0   entry7b.o
         0          0          0          0          0          0   entry8b.o
         8          4          0          0          0          0   entry9a.o
        30          0          0          0          0          0   handlers.o
        36          8          0          0          0         68   init.o
        30          0          0          0          0         68   llshl.o
        32          0          0          0          0         68   llushr.o
        36          0          0          0          0         68   memcpya.o
      1204         60          0          0          0        504   printf8.o
        14          0          0          0          0         68   strlen.o
        98          0          0          0          0         92   uldiv.o

    ----------------------------------------------------------------------
      1502         76          0          0          0        936   Library Totals
         2          0          0          0          0          0   (incl. Padding)

    ----------------------------------------------------------------------

      Code (inc. data)   RO Data    RW Data    ZI Data      Debug   Library Name

      1500         76          0          0          0        936   mc_w.l

    ----------------------------------------------------------------------
      1502         76          0          0          0        936   Library Totals

    ----------------------------------------------------------------------

==============================================================================


      Code (inc. data)   RO Data    RW Data    ZI Data      Debug   

      5572        732        640         56       2064     234941   Grand Totals
      5572        732        640         56       2064     234941   ELF Image Totals
      5572        732        640         56          0          0   ROM Totals

==============================================================================

    Total RO  Size (Code + RO Data)                 6212 (   6.07kB)
    Total RW  Size (RW Data + ZI Data)              2120 (   2.07kB)
    Total ROM Size (Code + RO Data + RW Data)       6268 (   6.12kB)

==============================================================================

